// Jest Snapshot v1, https://goo.gl/fbAQLP

exports[`Pruebas para CounterApp Debe de coincidir con el snapshoot 1`] = `
<div>
  <h2>
    CounterApp
  </h2>
  <h3>
     
    100
     
  </h3>
  <button>
    +1
  </button>
  <button>
    -1
  </button>
  <button
    aria-label="btn-reset"
  >
    reset
  </button>
</div>
`;
